
> newsi@0.1.0 build
> next build

▲ Next.js 16.1.1 (Turbopack)
- Environments: .env.local

⚠ The "middleware" file convention is deprecated. Please use "proxy" instead. Learn more: https://nextjs.org/docs/messages/middleware-to-proxy
  Creating an optimized production build ...
✓ Compiled successfully in 7.6s
  Running TypeScript ...
  Collecting page data using 11 workers ...
(node:1002405) [MONGOOSE] Warning: Duplicate schema index on {"invoiceNumber":1} found. This is often due to declaring an index using both "index: true" and "schema.index()". Please remove the duplicate index definition.
(Use `node --trace-warnings ...` to show where the warning was created)
(node:1002405) [MONGOOSE] Warning: Duplicate schema index on {"paymentNumber":1} found. This is often due to declaring an index using both "index: true" and "schema.index()". Please remove the duplicate index definition.
(node:1002405) [MONGOOSE] Warning: Duplicate schema index on {"complaintNumber":1} found. This is often due to declaring an index using both "index: true" and "schema.index()". Please remove the duplicate index definition.
(node:1002405) [MONGOOSE] Warning: Duplicate schema index on {"shipmentNumber":1} found. This is often due to declaring an index using both "index: true" and "schema.index()". Please remove the duplicate index definition.
(node:1002418) [MONGOOSE] Warning: Duplicate schema index on {"shipmentNumber":1} found. This is often due to declaring an index using both "index: true" and "schema.index()". Please remove the duplicate index definition.
(Use `node --trace-warnings ...` to show where the warning was created)
(node:1002418) [MONGOOSE] Warning: Duplicate schema index on {"incidentNumber":1} found. This is often due to declaring an index using both "index: true" and "schema.index()". Please remove the duplicate index definition.
(node:1002446) [MONGOOSE] Warning: Duplicate schema index on {"complaintNumber":1} found. This is often due to declaring an index using both "index: true" and "schema.index()". Please remove the duplicate index definition.
(Use `node --trace-warnings ...` to show where the warning was created)
(node:1002460) [MONGOOSE] Warning: Duplicate schema index on {"shipmentNumber":1} found. This is often due to declaring an index using both "index: true" and "schema.index()". Please remove the duplicate index definition.
(Use `node --trace-warnings ...` to show where the warning was created)
(node:1002460) [MONGOOSE] Warning: Duplicate schema index on {"invoiceNumber":1} found. This is often due to declaring an index using both "index: true" and "schema.index()". Please remove the duplicate index definition.
(node:1002446) [MONGOOSE] Warning: Duplicate schema index on {"incidentNumber":1} found. This is often due to declaring an index using both "index: true" and "schema.index()". Please remove the duplicate index definition.
(node:1002446) [MONGOOSE] Warning: Duplicate schema index on {"invoiceNumber":1} found. This is often due to declaring an index using both "index: true" and "schema.index()". Please remove the duplicate index definition.
(node:1002425) [MONGOOSE] Warning: Duplicate schema index on {"paymentNumber":1} found. This is often due to declaring an index using both "index: true" and "schema.index()". Please remove the duplicate index definition.
(Use `node --trace-warnings ...` to show where the warning was created)
(node:1002453) [MONGOOSE] Warning: Duplicate schema index on {"invoiceNumber":1} found. This is often due to declaring an index using both "index: true" and "schema.index()". Please remove the duplicate index definition.
(Use `node --trace-warnings ...` to show where the warning was created)
(node:1002453) [MONGOOSE] Warning: Duplicate schema index on {"shipmentNumber":1} found. This is often due to declaring an index using both "index: true" and "schema.index()". Please remove the duplicate index definition.
(node:1002453) [MONGOOSE] Warning: Duplicate schema index on {"paymentNumber":1} found. This is often due to declaring an index using both "index: true" and "schema.index()". Please remove the duplicate index definition.
(node:1002460) [MONGOOSE] Warning: Duplicate schema index on {"incidentNumber":1} found. This is often due to declaring an index using both "index: true" and "schema.index()". Please remove the duplicate index definition.
(node:1002446) [MONGOOSE] Warning: Duplicate schema index on {"shipmentNumber":1} found. This is often due to declaring an index using both "index: true" and "schema.index()". Please remove the duplicate index definition.
(node:1002432) [MONGOOSE] Warning: Duplicate schema index on {"invoiceNumber":1} found. This is often due to declaring an index using both "index: true" and "schema.index()". Please remove the duplicate index definition.
(Use `node --trace-warnings ...` to show where the warning was created)
(node:1002432) [MONGOOSE] Warning: Duplicate schema index on {"shipmentNumber":1} found. This is often due to declaring an index using both "index: true" and "schema.index()". Please remove the duplicate index definition.
(node:1002432) [MONGOOSE] Warning: Duplicate schema index on {"paymentNumber":1} found. This is often due to declaring an index using both "index: true" and "schema.index()". Please remove the duplicate index definition.
(node:1002467) [MONGOOSE] Warning: Duplicate schema index on {"shipmentNumber":1} found. This is often due to declaring an index using both "index: true" and "schema.index()". Please remove the duplicate index definition.
(Use `node --trace-warnings ...` to show where the warning was created)
(node:1002467) [MONGOOSE] Warning: Duplicate schema index on {"invoiceNumber":1} found. This is often due to declaring an index using both "index: true" and "schema.index()". Please remove the duplicate index definition.
(node:1002418) [MONGOOSE] Warning: Duplicate schema index on {"invoiceNumber":1} found. This is often due to declaring an index using both "index: true" and "schema.index()". Please remove the duplicate index definition.
(node:1002418) [MONGOOSE] Warning: Duplicate schema index on {"paymentNumber":1} found. This is often due to declaring an index using both "index: true" and "schema.index()". Please remove the duplicate index definition.
  Generating static pages using 11 workers (0/73) ...
(node:1002425) [MONGOOSE] Warning: Duplicate schema index on {"shipmentNumber":1} found. This is often due to declaring an index using both "index: true" and "schema.index()". Please remove the duplicate index definition.
(node:1002425) [MONGOOSE] Warning: Duplicate schema index on {"invoiceNumber":1} found. This is often due to declaring an index using both "index: true" and "schema.index()". Please remove the duplicate index definition.
The width(-1) and height(-1) of chart should be greater than 0,
       please check the style of container, or the props width(100%) and height(100%),
       or add a minWidth(0) or minHeight(undefined) or use aspect(undefined) to control the
       height and width.
The width(-1) and height(-1) of chart should be greater than 0,
       please check the style of container, or the props width(100%) and height(100%),
       or add a minWidth(0) or minHeight(undefined) or use aspect(undefined) to control the
       height and width.
⨯ useSearchParams() should be wrapped in a suspense boundary at page "/agent/vehicles". Read more: https://nextjs.org/docs/messages/missing-suspense-with-csr-bailout
    at Q (/home/yacine/projects/newsi/.next/server/chunks/ssr/node_modules_next_920e7746._.js:2:2111)
    at o (/home/yacine/projects/newsi/.next/server/chunks/ssr/node_modules_next_920e7746._.js:4:5314)
    at E (/home/yacine/projects/newsi/.next/server/chunks/ssr/app_agent_vehicles_page_tsx_c7486758._.js:1:8028)
    at an (/home/yacine/projects/newsi/node_modules/next/dist/compiled/next-server/app-page-turbo.runtime.prod.js:2:84360)
    at ai (/home/yacine/projects/newsi/node_modules/next/dist/compiled/next-server/app-page-turbo.runtime.prod.js:2:86179)
    at al (/home/yacine/projects/newsi/node_modules/next/dist/compiled/next-server/app-page-turbo.runtime.prod.js:2:107953)
    at as (/home/yacine/projects/newsi/node_modules/next/dist/compiled/next-server/app-page-turbo.runtime.prod.js:2:105368)
    at aa (/home/yacine/projects/newsi/node_modules/next/dist/compiled/next-server/app-page-turbo.runtime.prod.js:2:84712)
    at ai (/home/yacine/projects/newsi/node_modules/next/dist/compiled/next-server/app-page-turbo.runtime.prod.js:2:86228)
    at ai (/home/yacine/projects/newsi/node_modules/next/dist/compiled/next-server/app-page-turbo.runtime.prod.js:2:104708)
Error occurred prerendering page "/agent/vehicles". Read more: https://nextjs.org/docs/messages/prerender-error
Export encountered an error on /agent/vehicles/page: /agent/vehicles, exiting the build.
⨯ Next.js build worker exited with code: 1 and signal: null
